U-Boot SPL 2016.11 (Jul 29 2017 - 15:29:28)
DRAM: 1024 MiB
CPU: 912000000Hz, AXI/AHB/APB: 3/2/2
Trying to boot from MMC1


U-Boot 2016.11 (Jul 29 2017 - 15:29:28 +0200) Allwinner Technology

CPU:   Allwinner A20 (SUN7I)
Model: LeMaker Banana Pi
I2C:   ready
DRAM:  1 GiB
MMC:   SUNXI SD/MMC: 0
*** Warning - bad CRC, using default environment

Setting up a 720x576i composite-pal console (overscan 32x20)
In:    serial
Out:   vga
Err:   vga
SCSI:  SATA link 0 timeout.
AHCI 0001.0100 32 slots 1 ports 3 Gbps 0x1 impl SATA mode
flags: ncq stag pm led clo only pmp pio slum part ccc apst 
Net:   eth0: ethernet@01c50000
starting USB...
USB0:   USB EHCI 1.00
USB1:   USB OHCI 1.0
USB2:   USB EHCI 1.00
USB3:   USB OHCI 1.0
scanning bus 0 for devices... 1 USB Device(s) found
scanning bus 2 for devices... 1 USB Device(s) found
Hit any key to stop autoboot:  0 
switch to partitions #0, OK
mmc0 is current device
Scanning mmc 0:1...
Found U-Boot script /boot.scr
reading /boot.scr
318 bytes read in 30 ms (9.8 KiB/s)
## Executing script at 43100000
reading uImage
6641080 bytes read in 461 ms (13.7 MiB/s)
reading sun7i-a20-bananapi.dtb
34083 bytes read in 37 ms (899.4 KiB/s)
## Booting kernel from Legacy Image at 46000000 ...
   Image Name:   Linux-4.12.7
   Image Type:   ARM Linux Kernel Image (uncompressed)
   Data Size:    6641016 Bytes = 6.3 MiB
   Load Address: 40008000
   Entry Point:  40008000
   Verifying Checksum ... OK
## Flattened Device Tree blob at 49000000
   Booting using the fdt blob at 0x49000000
   Loading Kernel Image ... OK
   Loading Device Tree to 49ff4000, end 49fff522 ... OK

Starting kernel ...
