Starting kernel ...

[    0.000000] Booting Linux on physical CPU 0x0
[    0.000000] Linux version 5.6.4 (tjohann@echnaton) (gcc version 9.2.0 (crosstool-NG 1.24.0.103_75d7525)) #1 SMP Thu Apr 16 11:38:12 CEST 2020
[    0.000000] CPU: ARMv7 Processor [410fc074] revision 4 (ARMv7), cr=10c5387d
[    0.000000] CPU: div instructions available: patching division code
[    0.000000] CPU: PIPT / VIPT nonaliasing data cache, VIPT aliasing instruction cache
[    0.000000] OF: fdt: Machine model: LeMaker Banana Pi
[    0.000000] Memory policy: Data cache writealloc
[    0.000000] Reserved memory: created CMA memory pool at 0x4a000000, size 96 MiB
[    0.000000] OF: reserved mem: initialized node default-pool, compatible id shared-dma-pool
[    0.000000] On node 0 totalpages: 245760
[    0.000000]   Normal zone: 1008 pages used for memmap
[    0.000000]   Normal zone: 0 pages reserved
[    0.000000]   Normal zone: 129024 pages, LIFO batch:31
[    0.000000]   HighMem zone: 116736 pages, LIFO batch:31
[    0.000000] psci: probing for conduit method from DT.
[    0.000000] psci: Using PSCI v0.1 Function IDs from DT
[    0.000000] percpu: Embedded 15 pages/cpu s30668 r8192 d22580 u61440
[    0.000000] pcpu-alloc: s30668 r8192 d22580 u61440 alloc=15*4096
[    0.000000] pcpu-alloc: [0] 0 [0] 1
[    0.000000] Built 1 zonelists, mobility grouping on.  Total pages: 244752
[    0.000000] Kernel command line: console=ttyS0,115200 console=tty0 loglevel=9 <earlyprintk> mem=960M vmalloc=512M root=/dev/mmcblk0p2 rootwait panic=10
[    0.000000] Dentry cache hash table entries: 65536 (order: 6, 262144 bytes, linear)
[    0.000000] Inode-cache hash table entries: 32768 (order: 5, 131072 bytes, linear)
[    0.000000] mem auto-init: stack:off, heap alloc:off, heap free:off
[    0.000000] Memory: 866304K/983040K available (6144K kernel code, 448K rwdata, 1796K rodata, 1024K init, 247K bss, 18432K reserved, 98304K cma-reserved, 466944K highmem)
[    0.000000] SLUB: HWalign=64, Order=0-3, MinObjects=0, CPUs=2, Nodes=1
[    0.000000] rcu: Hierarchical RCU implementation.
[    0.000000] rcu:     RCU restricting CPUs from NR_CPUS=8 to nr_cpu_ids=2.
[    0.000000] rcu: RCU calculated value of scheduler-enlistment delay is 10 jiffies.
[    0.000000] rcu: Adjusting geometry for rcu_fanout_leaf=16, nr_cpu_ids=2
[    0.000000] NR_IRQS: 16, nr_irqs: 16, preallocated irqs: 16
[    0.000000] GIC: Using split EOI/Deactivate mode
[    0.000000] random: get_random_bytes called from start_kernel+0x29c/0x430 with crng_init=0
[    0.000000] arch_timer: cp15 timer(s) running at 24.00MHz (phys).
[    0.000000] clocksource: arch_sys_counter: mask: 0xffffffffffffff max_cycles: 0x588fe9dc0, max_idle_ns: 440795202592 ns
[    0.000007] sched_clock: 56 bits at 24MHz, resolution 41ns, wraps every 4398046511097ns
[    0.000020] Switching to timer-based delay loop, resolution 41ns
[    0.000426] clocksource: timer: mask: 0xffffffff max_cycles: 0xffffffff, max_idle_ns: 79635851949 ns
[    0.000745] clocksource: hstimer: mask: 0xffffffff max_cycles: 0xffffffff, max_idle_ns: 6370868154 ns
[    0.001015] Console: colour dummy device 80x30
[    0.001459] printk: console [tty0] enabled
[    0.001512] Calibrating delay loop (skipped), value calculated using timer frequency.. 48.00 BogoMIPS (lpj=240000)
[    0.001543] pid_max: default: 32768 minimum: 301
[    0.001726] Mount-cache hash table entries: 1024 (order: 0, 4096 bytes, linear)
[    0.001757] Mountpoint-cache hash table entries: 1024 (order: 0, 4096 bytes, linear)
[    0.002547] CPU: Testing write buffer coherency: ok
[    0.003029] /cpus/cpu@0 missing clock-frequency property
[    0.003068] /cpus/cpu@1 missing clock-frequency property
[    0.003089] CPU0: thread -1, cpu 0, socket 0, mpidr 80000000
[    0.003699] Setting up static identity map for 0x40100000 - 0x40100060
[    0.003876] rcu: Hierarchical SRCU implementation.
[    0.004480] smp: Bringing up secondary CPUs ...
[    0.015325] CPU1: thread -1, cpu 1, socket 0, mpidr 80000001
[    0.015482] smp: Brought up 1 node, 2 CPUs
[    0.015527] SMP: Total of 2 processors activated (96.00 BogoMIPS).
[    0.015543] CPU: All CPU(s) started in HYP mode.
[    0.015556] CPU: Virtualization extensions available.
[    0.016261] devtmpfs: initialized
[    0.022721] VFP support v0.3: implementor 41 architecture 2 part 30 variant 7 rev 4
[    0.022721] VFP support v0.3: implementor 41 architecture 2 part 30 variant 7 rev 4
[    0.023063] clocksource: jiffies: mask: 0xffffffff max_cycles: 0xffffffff, max_idle_ns: 19112604462750000 ns
[    0.023114] futex hash table entries: 512 (order: 3, 32768 bytes, linear)
[    0.026747] pinctrl core: initialized pinctrl subsystem
[    0.027484] thermal_sys: Registered thermal governor 'step_wise'
[    0.028369] NET: Registered protocol family 16
[    0.029882] DMA: preallocated 256 KiB pool for atomic coherent allocations
[    0.031195] hw-breakpoint: found 5 (+1 reserved) breakpoint and 4 watchpoint registers.
[    0.031232] hw-breakpoint: maximum watchpoint size is 8 bytes.
[    0.052387] SCSI subsystem initialized
[    0.052723] libata version 3.00 loaded.
[    0.052991] usbcore: registered new interface driver usbfs
[    0.053058] usbcore: registered new interface driver hub
[    0.053132] usbcore: registered new device driver usb
[    0.053435] pps_core: LinuxPPS API ver. 1 registered
[    0.053461] pps_core: Software ver. 5.3.6 - Copyright 2005-2007 Rodolfo Giometti <giometti@linux.it>
[    0.053516] PTP clock support registered
[    0.053771] Advanced Linux Sound Architecture Driver Initialized.
[    0.054929] clocksource: Switched to clocksource arch_sys_counter
[    0.055954] simple-framebuffer 7fe79000.framebuffer: framebuffer at 0x7fe79000, 0x178e00 bytes, mapped to 0x(ptrval)
[    0.056001] simple-framebuffer 7fe79000.framebuffer: format=x8r8g8b8, mode=656x536x32, linelength=2880
[    0.062321] Console: switching to colour frame buffer device 82x33
[    0.068228] simple-framebuffer 7fe79000.framebuffer: fb0: simplefb registered!
[    0.076145] NET: Registered protocol family 2
[    0.076898] tcp_listen_portaddr_hash hash table entries: 512 (order: 0, 6144 bytes, linear)
[    0.085396] TCP established hash table entries: 4096 (order: 2, 16384 bytes, linear)
[    0.093903] TCP bind hash table entries: 4096 (order: 3, 32768 bytes, linear)
[    0.098299] TCP: Hash tables configured (established 4096 bind 4096)
[    0.102720] UDP hash table entries: 256 (order: 1, 8192 bytes, linear)
[    0.107051] UDP-Lite hash table entries: 256 (order: 1, 8192 bytes, linear)
[    0.111546] NET: Registered protocol family 1
[    0.116728] RPC: Registered named UNIX socket transport module.
[    0.121017] RPC: Registered udp transport module.
[    0.125232] RPC: Registered tcp transport module.
[    0.129266] RPC: Registered tcp NFSv4.1 backchannel transport module.
[    0.133950] hw perfevents: no interrupt-affinity property for /pmu, guessing.
[    0.138353] hw perfevents: enabled with armv7_cortex_a7 PMU driver, 5 counters available
[    0.148094] workingset: timestamp_bits=30 max_order=18 bucket_order=0
[    0.160152] NFS: Registering the id_resolver key type
[    0.164500] Key type id_resolver registered
[    0.168837] Key type id_legacy registered
[    0.173162] bounce: pool size: 64 pages
[    0.177428] Block layer SCSI generic (bsg) driver version 0.4 loaded (major 248)
[    0.185802] io scheduler mq-deadline registered
[    0.190007] io scheduler kyber registered
[    0.195060] sun4i-usb-phy 1c13400.phy: Couldn't request ID GPIO
[    0.203037] sun4i-pinctrl 1c20800.pinctrl: initialized sunXi PIO driver
[    0.269426] Serial: 8250/16550 driver, 8 ports, IRQ sharing disabled
[    0.275818] sun4i-pinctrl 1c20800.pinctrl: 1c20800.pinctrl supply vcc-pb not found, using dummy regulator
[    0.284965] printk: console [ttyS0] disabled
[    0.289094] 1c28000.serial: ttyS0 at MMIO 0x1c28000 (irq = 49, base_baud = 1500000) is a 16550A
[    0.987816] printk: console [ttyS0] enabled
[    0.996504] sun4i-pinctrl 1c20800.pinctrl: 1c20800.pinctrl supply vcc-ph not found, using dummy regulator
[    1.014986] 1c28c00.serial: ttyS1 at MMIO 0x1c28c00 (irq = 50, base_baud = 1500000) is a 16550A
[    1.032121] sun4i-pinctrl 1c20800.pinctrl: 1c20800.pinctrl supply vcc-pi not found, using dummy regulator
[    1.050653] 1c29c00.serial: ttyS2 at MMIO 0x1c29c00 (irq = 51, base_baud = 1500000) is a 16550A
[    1.072379] sun4i-drm display-engine: bound 1e00000.display-frontend (ops 0xc074e908)
[    1.088931] sun4i-drm display-engine: bound 1e20000.display-frontend (ops 0xc074e908)
[    1.106014] sun4i-drm display-engine: bound 1e60000.display-backend (ops 0xc074e14c)
[    1.123061] sun4i-drm display-engine: bound 1e40000.display-backend (ops 0xc074e14c)
[    1.140347] sun4i-drm display-engine: No panel or bridge found... RGB output disabled
[    1.157537] sun4i-drm display-engine: bound 1c0c000.lcd-controller (ops 0xc074ce74)
[    1.175269] sun4i-drm display-engine: No panel or bridge found... RGB output disabled
[    1.192868] sun4i-drm display-engine: bound 1c0d000.lcd-controller (ops 0xc074ce74)
[    1.211076] sun4i-drm display-engine: bound 1c16000.hdmi (ops 0xc074efa4)
[    1.223088] [drm] Supports vblank timestamp caching Rev 2 (21.10.2013).
[    1.234875] [drm] No driver support for vblank timestamp query.
[    1.245924] checking generic (7fe79000 178e00) vs hw (0 ffffffff)
[    1.257100] fb0: switching to sun4i-drm-fb from simple
[    1.267736] Console: switching to colour dummy device 80x30
[    1.273935] [drm] Initialized sun4i-drm 1.0.0 20150629 for display-engine on minor 0
[    1.781807] sun4i-drm display-engine: [drm] Cannot find any crtc or sizes
[    1.790484] ahci-sunxi 1c18000.sata: 1c18000.sata supply ahci not found, using dummy regulator
[    1.799260] ahci-sunxi 1c18000.sata: 1c18000.sata supply phy not found, using dummy regulator
[    1.807893] ahci-sunxi 1c18000.sata: 1c18000.sata supply target not found, using dummy regulator
[    1.914958] ahci-sunxi 1c18000.sata: controller can't do PMP, turning off CAP_PMP
[    1.922459] ahci-sunxi 1c18000.sata: forcing PORTS_IMPL to 0x1
[    1.928377] ahci-sunxi 1c18000.sata: AHCI 0001.0100 32 slots 1 ports 3 Gbps 0x1 impl platform mode
[    1.937370] ahci-sunxi 1c18000.sata: flags: ncq sntf pm led clo only pio slum part ccc
[    1.946466] scsi host0: ahci-sunxi
[    1.950333] ata1: SATA max UDMA/133 mmio [mem 0x01c18000-0x01c18fff] port 0x100 irq 37
[    1.960655] libphy: Fixed MDIO Bus: probed
[    1.965227] CAN device driver interface
[    1.969903] sun7i-dwmac 1c50000.ethernet: IRQ eth_wake_irq not found
[    1.976333] sun7i-dwmac 1c50000.ethernet: IRQ eth_lpi not found
[    1.982377] sun7i-dwmac 1c50000.ethernet: PTP uses main clock
[    1.988162] sun7i-dwmac 1c50000.ethernet: no reset control found
[    1.995142] ehci_hcd: USB 2.0 'Enhanced' Host Controller (EHCI) Driver
[    2.001685] ehci-platform: EHCI generic platform driver
[    2.007425] ohci_hcd: USB 1.1 'Open' Host Controller (OHCI) Driver
[    2.013649] ohci-platform: OHCI generic platform driver
[    2.021325] sunxi-rtc 1c20d00.rtc: registered as rtc0
[    2.026627] i2c /dev entries driver
[    2.031363] axp20x-i2c 1-0034: AXP20x variant AXP209 found
[    2.052087] input: axp20x-pek as /devices/platform/soc/1c2ac00.i2c/i2c-1/1-0034/axp20x-pek/input/input0
[    2.062690] ldo1: supplied by regulator-dummy
[    2.067441] ldo2: supplied by regulator-dummy
[    2.072998] ldo3: supplied by regulator-dummy
[    2.078085] ldo4: supplied by regulator-dummy
[    2.082696] ldo5: supplied by regulator-dummy
[    2.087786] dcdc2: supplied by regulator-dummy
[    2.092938] dcdc3: supplied by regulator-dummy
[    2.098890] axp20x-i2c 1-0034: AXP20X driver loaded
[    2.105456] Registered IR keymap rc-empty
[    2.109614] rc rc0: sunxi-ir as /devices/platform/soc/1c21800.ir/rc/rc0
[    2.116453] input: sunxi-ir as /devices/platform/soc/1c21800.ir/rc/rc0/input1
[    2.124100] sunxi-ir 1c21800.ir: initialized sunXi IR driver
[    2.130300] axp20x-usb-power-supply axp20x-usb-power-supply: DMA mask not set
[    2.139452] sunxi-wdt 1c20c90.watchdog: Watchdog enabled (timeout=16 sec, nowayout=0)
[    2.151398] sunxi-mmc 1c0f000.mmc: Got CD GPIO
[    2.181610] sunxi-mmc 1c0f000.mmc: initialized, max. request size: 16384 KB
[    2.189763] sun4i-ss 1c15000.crypto-engine: Die ID 0
[    2.199405] usbcore: registered new interface driver usbhid
[    2.205051] usbhid: USB HID core driver
[    2.209187] axp20x-adc axp20x-adc: DMA mask not set
[    2.214702] random: fast init done
[    2.221612] debugfs: Directory '1c22c00.codec' with parent 'sun4i-codec' already present!
[    2.229494] mmc0: host does not support reading read-only switch, assuming write-enable
[    2.238845] sun4i-codec 1c22c00.codec: Codec <-> 1c22c00.codec mapping ok
[    2.240589] mmc0: new high speed SDHC card at address e624
[    2.247289] NET: Registered protocol family 17
[    2.252196] mmcblk0: mmc0:e624 SL16G 14.8 GiB
[    2.255800] can: controller area network core (rev 20170425 abi 9)
[    2.266616] NET: Registered protocol family 29
[    2.271094] can: raw protocol (rev 20170425)
[    2.271874]  mmcblk0: p1 p2 p3
[    2.275409] can: broadcast manager protocol (rev 20170425 t)
[    2.275428] can: netlink gateway (rev 20190810) max_hops=1
[    2.275749] Key type dns_resolver registered
[    2.288928] ata1: SATA link down (SStatus 0 SControl 300)
[    2.289855] Registering SWP/SWPB emulation handler
[    2.319861] sun7i-dwmac 1c50000.ethernet: IRQ eth_wake_irq not found
[    2.326333] sun7i-dwmac 1c50000.ethernet: IRQ eth_lpi not found
[    2.332392] sun7i-dwmac 1c50000.ethernet: PTP uses main clock
[    2.338181] sun7i-dwmac 1c50000.ethernet: no reset control found
[    2.455164] sun7i-dwmac 1c50000.ethernet: Version ID not available
[    2.461372] sun7i-dwmac 1c50000.ethernet:    DWMAC1000
[    2.466382] sun7i-dwmac 1c50000.ethernet: DMA HW capability register supported
[    2.473611] sun7i-dwmac 1c50000.ethernet: Normal descriptors
[    2.479293] sun7i-dwmac 1c50000.ethernet: Ring mode enabled
[    2.485448] libphy: stmmac: probed
[    2.510687] ehci-platform 1c14000.usb: EHCI Host Controller
[    2.516403] ehci-platform 1c14000.usb: new USB bus registered, assigned bus number 1
[    2.524713] ehci-platform 1c14000.usb: irq 33, io mem 0x01c14000
[    2.554928] ehci-platform 1c14000.usb: USB 2.0 started, EHCI 1.00
[    2.561959] hub 1-0:1.0: USB hub found
[    2.565829] hub 1-0:1.0: 1 port detected
[    2.570765] ehci-platform 1c1c000.usb: EHCI Host Controller
[    2.576434] ehci-platform 1c1c000.usb: new USB bus registered, assigned bus number 2
[    2.584579] ehci-platform 1c1c000.usb: irq 38, io mem 0x01c1c000
[    2.614926] ehci-platform 1c1c000.usb: USB 2.0 started, EHCI 1.00
[    2.621884] hub 2-0:1.0: USB hub found
[    2.625746] hub 2-0:1.0: 1 port detected
[    2.630652] ohci-platform 1c14400.usb: Generic Platform OHCI controller
[    2.637362] ohci-platform 1c14400.usb: new USB bus registered, assigned bus number 3
[    2.645435] ohci-platform 1c14400.usb: irq 34, io mem 0x01c14400
[    2.719782] hub 3-0:1.0: USB hub found
[    2.723602] hub 3-0:1.0: 1 port detected
[    2.728539] ohci-platform 1c1c400.usb: Generic Platform OHCI controller
[    2.735264] ohci-platform 1c1c400.usb: new USB bus registered, assigned bus number 4
[    2.743902] ohci-platform 1c1c400.usb: irq 39, io mem 0x01c1c400
[    2.819848] hub 4-0:1.0: USB hub found
[    2.823671] hub 4-0:1.0: 1 port detected
[    2.828667] usb_phy_generic usb_phy_generic.0.auto: usb_phy_generic.0.auto supply vcc not found, using dummy regulator
[    2.840318] musb-hdrc musb-hdrc.1.auto: MUSB HDRC host driver
[    2.846150] musb-hdrc musb-hdrc.1.auto: new USB bus registered, assigned bus number 5
[    2.855166] hub 5-0:1.0: USB hub found
[    2.858990] hub 5-0:1.0: 1 port detected
[    2.863896] sunxi-rtc 1c20d00.rtc: setting system clock to 2020-04-16T09:53:58 UTC (1587030838)
[    2.873042] ALSA device list:
[    2.876058]   #0: sun4i-codec
[    2.889984] EXT4-fs (mmcblk0p2): mounted filesystem without journal. Opts: (null)
[    2.897618] VFS: Mounted root (ext4 filesystem) readonly on device 179:2.
[    2.911728] devtmpfs: mounted
[    2.916244] Freeing unused kernel memory: 1024K
[    2.920971] Run /sbin/init as init process
[    2.925101]   with arguments:
[    2.928073]     /sbin/init
[    2.930781]     <earlyprintk>
[    2.933747]   with environment:
[    2.936913]     HOME=/
[    2.939274]     TERM=linux
[    3.734230] udevd[126]: starting version 3.2.9
[    3.765903] random: udevd: uninitialized urandom read (16 bytes read)
[    3.773872] random: udevd: uninitialized urandom read (16 bytes read)
[    3.780528] random: udevd: uninitialized urandom read (16 bytes read)
[    3.943791] udevd[127]: starting eudev-3.2.9
[    5.353541] EXT4-fs (mmcblk0p2): re-mounted. Opts: (null)
[    5.770023] EXT4-fs (mmcblk0p2): warning: mounting unchecked fs, running e2fsck is recommended
[    5.790240] EXT4-fs (mmcblk0p2): re-mounted. Opts: (null)
[    5.830168] EXT4-fs (mmcblk0p3): mounted filesystem without journal. Opts: (null)
[    5.918808] urandom_read: 4 callbacks suppressed
[    5.918818] random: dd: uninitialized urandom read (4096 bytes read)
[    5.983393] random: ln: uninitialized urandom read (6 bytes read)
[    6.286776] udevd[248]: starting version 3.2.9
[    6.293123] random: udevd: uninitialized urandom read (16 bytes read)
[    6.383951] udevd[248]: starting eudev-3.2.9
[    6.720405] sun7i-dwmac 1c50000.ethernet eth0: PHY [stmmac-0:01] driver [Generic PHY] (irq=POLL)
[    6.730941] sun7i-dwmac 1c50000.ethernet eth0: No Safety Features support found
[    6.738389] sun7i-dwmac 1c50000.ethernet eth0: RX IPC Checksum Offload disabled
[    6.745765] sun7i-dwmac 1c50000.ethernet eth0: No MAC Management Counters available
[    6.745777] sun7i-dwmac 1c50000.ethernet eth0: PTP not supported by HW
[    6.745794] sun7i-dwmac 1c50000.ethernet eth0: configuring for phy/rgmii link mode

Void 5.6.4 (bananapi.my.domain) (ttyS0)

bananapi login: [   10.828134] random: crng init done
[   10.895758] sun7i-dwmac 1c50000.ethernet eth0: Link is Up - 1Gbps/Full - flow control off
[   12.375538] sun4i-drm display-engine: [drm] Cannot find any crtc or sizes
[   33.136709] vcc3v0: disabling
[   33.139721] vcc5v0: disabling
[   33.142702] usb0-vbus: disabling
