
Starting kernel ...

[    0.000000] Booting Linux on physical CPU 0x0
[    0.000000] Linux version 5.9.6 (tjohann@echnaton) (arm-none-linux-gnueabihf-gcc (crosstool-NG 1.24.0.209_0dd54d5) 9.3.0, GNU ld (crosstool-NG 1.24.0.209_0dd54d5) 2.0
[    0.000000] CPU: ARMv7 Processor [410fc074] revision 4 (ARMv7), cr=10c5387d
[    0.000000] CPU: div instructions available: patching division code
[    0.000000] CPU: PIPT / VIPT nonaliasing data cache, VIPT aliasing instruction cache
[    0.000000] OF: fdt: Machine model: LeMaker Banana Pi
[    0.000000] Memory policy: Data cache writealloc
[    0.000000] Reserved memory: created CMA memory pool at 0x4a000000, size 96 MiB
[    0.000000] OF: reserved mem: initialized node default-pool, compatible id shared-dma-pool
[    0.000000] Zone ranges:
[    0.000000]   Normal   [mem 0x0000000040000000-0x000000005f7fffff]
[    0.000000]   HighMem  [mem 0x000000005f800000-0x000000007bffffff]
[    0.000000] Movable zone start for each node
[    0.000000] Early memory node ranges
[    0.000000]   node   0: [mem 0x0000000040000000-0x000000007bffffff]
[    0.000000] Initmem setup node 0 [mem 0x0000000040000000-0x000000007bffffff]
[    0.000000] On node 0 totalpages: 245760
[    0.000000]   Normal zone: 1008 pages used for memmap
[    0.000000]   Normal zone: 0 pages reserved
[    0.000000]   Normal zone: 129024 pages, LIFO batch:31
[    0.000000]   HighMem zone: 116736 pages, LIFO batch:31
[    0.000000] psci: probing for conduit method from DT.
[    0.000000] psci: Using PSCI v0.1 Function IDs from DT
[    0.000000] percpu: Embedded 15 pages/cpu s30860 r8192 d22388 u61440
[    0.000000] pcpu-alloc: s30860 r8192 d22388 u61440 alloc=15*4096
[    0.000000] pcpu-alloc: [0] 0 [0] 1
[    0.000000] Built 1 zonelists, mobility grouping on.  Total pages: 244752
[    0.000000] Kernel command line: console=ttyS0,115200 console=tty0 loglevel=9 <earlyprintk> mem=960M vmalloc=512M root=/dev/mmcblk0p2 rootwait panic=10
[    0.000000] Dentry cache hash table entries: 65536 (order: 6, 262144 bytes, linear)
[    0.000000] Inode-cache hash table entries: 32768 (order: 5, 131072 bytes, linear)
[    0.000000] mem auto-init: stack:off, heap alloc:off, heap free:off
[    0.000000] Memory: 864188K/983040K available (7168K kernel code, 512K rwdata, 1884K rodata, 1024K init, 251K bss, 20548K reserved, 98304K cma-reserved, 466944K high)
[    0.000000] SLUB: HWalign=64, Order=0-3, MinObjects=0, CPUs=2, Nodes=1
[    0.000000] rcu: Hierarchical RCU implementation.
[    0.000000] rcu:     RCU restricting CPUs from NR_CPUS=8 to nr_cpu_ids=2.
[    0.000000] rcu: RCU calculated value of scheduler-enlistment delay is 10 jiffies.
[    0.000000] rcu: Adjusting geometry for rcu_fanout_leaf=16, nr_cpu_ids=2
[    0.000000] NR_IRQS: 16, nr_irqs: 16, preallocated irqs: 16
[    0.000000] GIC: Using split EOI/Deactivate mode
[    0.000000] random: get_random_bytes called from start_kernel+0x5a4/0x740 with crng_init=0
[    0.000000] arch_timer: cp15 timer(s) running at 24.00MHz (phys).
[    0.000000] clocksource: arch_sys_counter: mask: 0xffffffffffffff max_cycles: 0x588fe9dc0, max_idle_ns: 440795202592 ns
[    0.000007] sched_clock: 56 bits at 24MHz, resolution 41ns, wraps every 4398046511097ns
[    0.000020] Switching to timer-based delay loop, resolution 41ns
[    0.000440] clocksource: timer: mask: 0xffffffff max_cycles: 0xffffffff, max_idle_ns: 79635851949 ns
[    0.000765] clocksource: hstimer: mask: 0xffffffff max_cycles: 0xffffffff, max_idle_ns: 6370868154 ns
[    0.001030] Console: colour dummy device 80x30
[    0.001498] printk: console [tty0] enabled
[    0.001556] Calibrating delay loop (skipped), value calculated using timer frequency.. 48.00 BogoMIPS (lpj=240000)
[    0.001586] pid_max: default: 32768 minimum: 301
[    0.001775] Mount-cache hash table entries: 1024 (order: 0, 4096 bytes, linear)
[    0.001805] Mountpoint-cache hash table entries: 1024 (order: 0, 4096 bytes, linear)
[    0.002609] CPU: Testing write buffer coherency: ok
[    0.002999] /cpus/cpu@0 missing clock-frequency property
[    0.003040] /cpus/cpu@1 missing clock-frequency property
[    0.003060] CPU0: thread -1, cpu 0, socket 0, mpidr 80000000
[    0.003683] Setting up static identity map for 0x40100000 - 0x40100060
[    0.003858] rcu: Hierarchical SRCU implementation.
[    0.004461] smp: Bringing up secondary CPUs ...
[    0.015286] CPU1: thread -1, cpu 1, socket 0, mpidr 80000001
[    0.015444] smp: Brought up 1 node, 2 CPUs
[    0.015482] SMP: Total of 2 processors activated (96.00 BogoMIPS).
[    0.015496] CPU: All CPU(s) started in HYP mode.
[    0.015508] CPU: Virtualization extensions available.
[    0.016235] devtmpfs: initialized
[    0.022701] VFP support v0.3: implementor 41 architecture 2 part 30 variant 7 rev 4
[    0.023029] clocksource: jiffies: mask: 0xffffffff max_cycles: 0xffffffff, max_idle_ns: 19112604462750000 ns
[    0.023073] futex hash table entries: 512 (order: 3, 32768 bytes, linear)
[    0.026681] pinctrl core: initialized pinctrl subsystem
[    0.028065] NET: Registered protocol family 16
[    0.029649] DMA: preallocated 256 KiB pool for atomic coherent allocations
[    0.030721] thermal_sys: Registered thermal governor 'step_wise'
[    0.031221] hw-breakpoint: found 5 (+1 reserved) breakpoint and 4 watchpoint registers.
[    0.031267] hw-breakpoint: maximum watchpoint size is 8 bytes.
[    0.057613] SCSI subsystem initialized
[    0.057919] libata version 3.00 loaded.
[    0.058198] usbcore: registered new interface driver usbfs
[    0.058264] usbcore: registered new interface driver hub
[    0.058341] usbcore: registered new device driver usb
[    0.058643] pps_core: LinuxPPS API ver. 1 registered
[    0.058664] pps_core: Software ver. 5.3.6 - Copyright 2005-2007 Rodolfo Giometti <giometti@linux.it>
[    0.058698] PTP clock support registered
[    0.058968] Advanced Linux Sound Architecture Driver Initialized.
[    0.060069] clocksource: Switched to clocksource arch_sys_counter
[    0.061137] simple-framebuffer 7fe79000.framebuffer: framebuffer at 0x7fe79000, 0x178e00 bytes, mapped to 0x(ptrval)
[    0.061180] simple-framebuffer 7fe79000.framebuffer: format=x8r8g8b8, mode=656x536x32, linelength=2880
[    0.067580] Console: switching to colour frame buffer device 82x33
[    0.073480] simple-framebuffer 7fe79000.framebuffer: fb0: simplefb registered!
[    0.081618] NET: Registered protocol family 2
[    0.082377] tcp_listen_portaddr_hash hash table entries: 512 (order: 0, 6144 bytes, linear)
[    0.090895] TCP established hash table entries: 4096 (order: 2, 16384 bytes, linear)
[    0.099402] TCP bind hash table entries: 4096 (order: 3, 32768 bytes, linear)
[    0.103795] TCP: Hash tables configured (established 4096 bind 4096)
[    0.108231] UDP hash table entries: 256 (order: 1, 8192 bytes, linear)
[    0.112567] UDP-Lite hash table entries: 256 (order: 1, 8192 bytes, linear)
[    0.117053] NET: Registered protocol family 1
[    0.122152] RPC: Registered named UNIX socket transport module.
[    0.126436] RPC: Registered udp transport module.
[    0.130653] RPC: Registered tcp transport module.
[    0.134683] RPC: Registered tcp NFSv4.1 backchannel transport module.
[    0.139371] hw perfevents: no interrupt-affinity property for /pmu, guessing.
[    0.143751] hw perfevents: enabled with armv7_cortex_a7 PMU driver, 5 counters available
[    0.153422] workingset: timestamp_bits=30 max_order=18 bucket_order=0
[    0.164355] NFS: Registering the id_resolver key type
[    0.168704] Key type id_resolver registered
[    0.173032] Key type id_legacy registered
[    0.177257] Installing knfsd (copyright (C) 1996 okir@monad.swb.de).
[    0.182387] bounce: pool size: 64 pages
[    0.186638] Block layer SCSI generic (bsg) driver version 0.4 loaded (major 248)
[    0.195195] io scheduler mq-deadline registered
[    0.199460] io scheduler kyber registered
[    0.204567] sun4i-usb-phy 1c13400.phy: Couldn't request ID GPIO
[    0.212648] sun4i-pinctrl 1c20800.pinctrl: initialized sunXi PIO driver
[    0.279388] Serial: 8250/16550 driver, 8 ports, IRQ sharing disabled
[    0.285926] sun4i-pinctrl 1c20800.pinctrl: supply vcc-pb not found, using dummy regulator
[    0.295204] printk: console [ttyS0] disabled
[    0.299378] 1c28000.serial: ttyS0 at MMIO 0x1c28000 (irq = 49, base_baud = 1500000) is a 16550A
[    1.044444] printk: console [ttyS0] enabled
[    1.053331] sun4i-pinctrl 1c20800.pinctrl: supply vcc-ph not found, using dummy regulator
[    1.070593] 1c28c00.serial: ttyS1 at MMIO 0x1c28c00 (irq = 50, base_baud = 1500000) is a 16550A
[    1.087976] sun4i-pinctrl 1c20800.pinctrl: supply vcc-pi not found, using dummy regulator
[    1.105265] 1c29c00.serial: ttyS2 at MMIO 0x1c29c00 (irq = 51, base_baud = 1500000) is a 16550A
[    1.127902] sun4i-drm display-engine: bound 1e00000.display-frontend (ops 0xc084c8f0)
[    1.144745] sun4i-drm display-engine: bound 1e20000.display-frontend (ops 0xc084c8f0)
[    1.161944] sun4i-drm display-engine: bound 1e60000.display-backend (ops 0xc084c134)
[    1.179073] sun4i-drm display-engine: bound 1e40000.display-backend (ops 0xc084c134)
[    1.196495] sun4i-drm display-engine: No panel or bridge found... RGB output disabled
[    1.213842] sun4i-drm display-engine: bound 1c0c000.lcd-controller (ops 0xc084ac94)
[    1.231595] sun4i-drm display-engine: No panel or bridge found... RGB output disabled
[    1.249187] sun4i-drm display-engine: bound 1c0d000.lcd-controller (ops 0xc084ac94)
[    1.267401] sun4i-drm display-engine: bound 1c16000.hdmi (ops 0xc084cf8c)
[    1.279795] checking generic (7fe79000 178e00) vs hw (0 ffffffff)
[    1.291105] fb0: switching to sun4i-drm-fb from simple
[    1.301737] Console: switching to colour dummy device 80x30
[    1.308078] [drm] Initialized sun4i-drm 1.0.0 20150629 for display-engine on minor 0
[    1.315960] sun4i-drm display-engine: [drm] Cannot find any crtc or sizes
[    1.324615] ahci-sunxi 1c18000.sata: supply ahci not found, using dummy regulator
[    1.332365] ahci-sunxi 1c18000.sata: supply phy not found, using dummy regulator
[    1.339833] ahci-sunxi 1c18000.sata: supply target not found, using dummy regulator
[    1.440088] ahci-sunxi 1c18000.sata: controller can't do PMP, turning off CAP_PMP
[    1.447588] ahci-sunxi 1c18000.sata: forcing PORTS_IMPL to 0x1
[    1.453515] ahci-sunxi 1c18000.sata: AHCI 0001.0100 32 slots 1 ports 3 Gbps 0x1 impl platform mode
[    1.462504] ahci-sunxi 1c18000.sata: flags: ncq sntf pm led clo only pio slum part ccc
[    1.471669] scsi host0: ahci-sunxi
[    1.475536] ata1: SATA max UDMA/133 mmio [mem 0x01c18000-0x01c18fff] port 0x100 irq 37
[    1.486025] libphy: Fixed MDIO Bus: probed
[    1.490602] CAN device driver interface
[    1.495349] sun7i-dwmac 1c50000.ethernet: IRQ eth_wake_irq not found
[    1.501802] sun7i-dwmac 1c50000.ethernet: IRQ eth_lpi not found
[    1.507853] sun7i-dwmac 1c50000.ethernet: PTP uses main clock
[    1.513648] sun7i-dwmac 1c50000.ethernet: no reset control found
[    1.520738] ehci_hcd: USB 2.0 'Enhanced' Host Controller (EHCI) Driver
[    1.527282] ehci-platform: EHCI generic platform driver
[    1.533116] ohci_hcd: USB 1.1 'Open' Host Controller (OHCI) Driver
[    1.539342] ohci-platform: OHCI generic platform driver
[    1.545376] usbcore: registered new interface driver uas
[    1.550860] usbcore: registered new interface driver usb-storage
[    1.559024] sunxi-rtc 1c20d00.rtc: registered as rtc0
[    1.564207] sunxi-rtc 1c20d00.rtc: setting system clock to 2020-11-09T13:25:05 UTC (1604928305)
[    1.573108] i2c /dev entries driver
[    1.578062] axp20x-i2c 1-0034: AXP20x variant AXP209 found
[    1.590422] input: axp20x-pek as /devices/platform/soc/1c2ac00.i2c/i2c-1/1-0034/axp20x-pek/input/input0
[    1.609174] vdd-rtc: supplied by regulator-dummy
[    1.615065] avcc: supplied by regulator-dummy
[    1.620174] ldo3: supplied by regulator-dummy
[    1.624807] ldo4: supplied by regulator-dummy
[    1.629834] ldo5: supplied by regulator-dummy
[    1.634969] vdd-cpu: supplied by regulator-dummy
[    1.640327] vdd-int-dll: supplied by regulator-dummy
[    1.646404] axp20x-i2c 1-0034: AXP20X driver loaded
[    1.653155] Registered IR keymap rc-empty
[    1.657285] rc rc0: sunxi-ir as /devices/platform/soc/1c21800.ir/rc/rc0
[    1.664144] input: sunxi-ir as /devices/platform/soc/1c21800.ir/rc/rc0/input1
[    1.671876] sunxi-ir 1c21800.ir: initialized sunXi IR driver
[    1.678106] axp20x-usb-power-supply axp20x-usb-power-supply: DMA mask not set
[    1.686978] sunxi-wdt 1c20c90.watchdog: Watchdog enabled (timeout=16 sec, nowayout=0)
[    1.699563] sunxi-mmc 1c0f000.mmc: Got CD GPIO
[    1.729728] sunxi-mmc 1c0f000.mmc: initialized, max. request size: 16384 KB
[    1.738062] sun4i-ss 1c15000.crypto-engine: Die ID 0
[    1.745507] usbcore: registered new interface driver usbhid
[    1.751169] usbhid: USB HID core driver
[    1.755284] axp20x-adc axp20x-adc: DMA mask not set
[    1.764214] debugfs: Directory '1c22c00.codec' with parent 'sun4i-codec' already present!
[    1.775531] NET: Registered protocol family 17
[    1.780091] can: controller area network core (rev 20170425 abi 9)
[    1.786374] NET: Registered protocol family 29
[    1.790856] can: raw protocol (rev 20170425)
[    1.795132] can: broadcast manager protocol (rev 20170425 t)
[    1.800815] can: netlink gateway (rev 20190810) max_hops=1
[    1.806550] Key type dns_resolver registered
[    1.811021] Registering SWP/SWPB emulation handler
[    1.821739] ata1: SATA link down (SStatus 0 SControl 300)
[    1.832329] sun7i-dwmac 1c50000.ethernet: IRQ eth_wake_irq not found
[    1.838714] sun7i-dwmac 1c50000.ethernet: IRQ eth_lpi not found
[    1.844814] sun7i-dwmac 1c50000.ethernet: PTP uses main clock
[    1.850594] sun7i-dwmac 1c50000.ethernet: no reset control found
[    1.879042] random: fast init done
[    1.887736] mmc0: host does not support reading read-only switch, assuming write-enable
[    1.898452] mmc0: new high speed SDHC card at address e624
[    1.904852] mmcblk0: mmc0:e624 SL16G 14.8 GiB
[    1.911845]  mmcblk0: p1 p2 p3
[    1.970378] sun7i-dwmac 1c50000.ethernet: Version ID not available
[    1.976594] sun7i-dwmac 1c50000.ethernet:    DWMAC1000
[    1.981638] sun7i-dwmac 1c50000.ethernet: DMA HW capability register supported
[    1.988867] sun7i-dwmac 1c50000.ethernet: Normal descriptors
[    1.994546] sun7i-dwmac 1c50000.ethernet: Ring mode enabled
[    2.000728] libphy: stmmac: probed
[    2.027638] ehci-platform 1c14000.usb: EHCI Host Controller
[    2.033389] ehci-platform 1c14000.usb: new USB bus registered, assigned bus number 1
[    2.041566] ehci-platform 1c14000.usb: irq 33, io mem 0x01c14000
[    2.070079] ehci-platform 1c14000.usb: USB 2.0 started, EHCI 1.00
[    2.077099] hub 1-0:1.0: USB hub found
[    2.080961] hub 1-0:1.0: 1 port detected
[    2.086052] ehci-platform 1c1c000.usb: EHCI Host Controller
[    2.091767] ehci-platform 1c1c000.usb: new USB bus registered, assigned bus number 2
[    2.099881] ehci-platform 1c1c000.usb: irq 38, io mem 0x01c1c000
[    2.130074] ehci-platform 1c1c000.usb: USB 2.0 started, EHCI 1.00
[    2.137067] hub 2-0:1.0: USB hub found
[    2.140937] hub 2-0:1.0: 1 port detected
[    2.146013] ohci-platform 1c14400.usb: Generic Platform OHCI controller
[    2.152749] ohci-platform 1c14400.usb: new USB bus registered, assigned bus number 3
[    2.160845] ohci-platform 1c14400.usb: irq 34, io mem 0x01c14400
[    2.234942] hub 3-0:1.0: USB hub found
[    2.238761] hub 3-0:1.0: 1 port detected
[    2.243890] ohci-platform 1c1c400.usb: Generic Platform OHCI controller
[    2.250621] ohci-platform 1c1c400.usb: new USB bus registered, assigned bus number 4
[    2.259159] ohci-platform 1c1c400.usb: irq 39, io mem 0x01c1c400
[    2.334947] hub 4-0:1.0: USB hub found
[    2.338759] hub 4-0:1.0: 1 port detected
[    2.343925] usb_phy_generic usb_phy_generic.0.auto: supply vcc not found, using dummy regulator
[    2.353761] musb-hdrc musb-hdrc.1.auto: MUSB HDRC host driver
[    2.359554] musb-hdrc musb-hdrc.1.auto: new USB bus registered, assigned bus number 5
[    2.368869] hub 5-0:1.0: USB hub found
[    2.372738] hub 5-0:1.0: 1 port detected
[    2.378060] ALSA device list:
[    2.381111]   #0: sun4i-codec
[    2.394853] EXT4-fs (mmcblk0p2): mounted filesystem without journal. Opts: (null)
[    2.402501] VFS: Mounted root (ext4 filesystem) readonly on device 179:2.
[    2.416557] devtmpfs: mounted
[    2.421078] Freeing unused kernel memory: 1024K
[    2.425858] Run /sbin/init as init process
[    2.429958]   with arguments:
[    2.432964]     /sbin/init
[    2.435674]     <earlyprintk>
[    2.438640]   with environment:
[    2.441804]     HOME=/
[    2.444166]     TERM=linux
[    3.257696] udevd[116]: starting version 3.2.9
[    3.283618] random: udevd: uninitialized urandom read (16 bytes read)
[    3.291821] random: udevd: uninitialized urandom read (16 bytes read)
[    3.298388] random: udevd: uninitialized urandom read (16 bytes read)
[    3.417805] udevd[117]: starting eudev-3.2.9
[    4.993925] EXT4-fs (mmcblk0p2): re-mounted. Opts: (null)
[    5.417631] EXT4-fs (mmcblk0p2): warning: mounting unchecked fs, running e2fsck is recommended
[    5.434071] EXT4-fs (mmcblk0p2): re-mounted. Opts: (null)
[    5.472274] EXT4-fs (mmcblk0p3): mounted filesystem without journal. Opts: (null)
[    5.596583] urandom_read: 4 callbacks suppressed
[    5.596591] random: ln: uninitialized urandom read (6 bytes read)
[    5.945621] udevd[239]: starting version 3.2.9
[    5.953472] random: udevd: uninitialized urandom read (16 bytes read)
[    5.969408] random: udevd: uninitialized urandom read (16 bytes read)
[    6.001607] udevd[239]: starting eudev-3.2.9
[    6.386877] sun7i-dwmac 1c50000.ethernet eth0: PHY [stmmac-0:01] driver [Generic PHY] (irq=POLL)
[    6.402090] sun7i-dwmac 1c50000.ethernet eth0: No Safety Features support found
[    6.409442] sun7i-dwmac 1c50000.ethernet eth0: RX IPC Checksum Offload disabled
[    6.416913] sun7i-dwmac 1c50000.ethernet eth0: No MAC Management Counters available
[    6.424657] sun7i-dwmac 1c50000.ethernet eth0: PTP not supported by HW
[    6.443677] sun7i-dwmac 1c50000.ethernet eth0: configuring for phy/rgmii link mode

Void 5.9.6 (bananapi.my.domain) (ttyS0)

bananapi login: [    9.611133] sun7i-dwmac 1c50000.ethernet eth0: Link is Up - 1Gbps/Full - flow control off
[   10.501009] random: crng init done
[   11.370604] sun4i-drm display-engine: [drm] Cannot find any crtc or sizes
[   32.492048] vcc3v0: disabling
[   32.495058] vcc5v0: disabling
[   32.498047] usb0-vbus: disabling
