U-Boot SPL 2020.04-00289-g66b8669d77 (Apr 16 2020 - 12:13:21 +0200)
DRAM: 2048 MiB
Trying to boot from MMC1


U-Boot 2020.04-00289-g66b8669d77 (Apr 16 2020 - 12:13:21 +0200) Allwinner Technology

CPU:   Allwinner A83T (SUN8I 1673)
Model: Cubietech Cubietruck Plus
I2C:   ready
DRAM:  2 GiB
MMC:   Device 'mmc@1c11000': seq 1 is in use by 'mmc@1c10000'
mmc@1c0f000: 0, mmc@1c10000: 2, mmc@1c11000: 1
Loading Environment from FAT... Unable to use mmc 1:1... In:    serial
Out:   serial
Err:   serial
Net:   phy interface7
eth0: ethernet@1c30000
starting USB...
Bus usb@1c19000: No host cable detected: Port not available.
Bus usb@1c1a000: USB EHCI 1.00
Bus usb@1c1b000: USB EHCI 1.00
scanning bus usb@1c1a000 for devices... Device NOT ready
   Request Sense returned 02 3A 00
2 USB Device(s) found
scanning bus usb@1c1b000 for devices... 1 USB Device(s) found
       scanning usb for storage devices... 0 Storage Device(s) found
Hit any key to stop autoboot:  0
switch to partitions #0, OK
mmc0 is current device
Scanning mmc 0:1...
Found U-Boot script /boot.scr
326 bytes read in 1 ms (318.4 KiB/s)
## Executing script at 43100000
4381160 bytes read in 436 ms (9.6 MiB/s)
25170 bytes read in 8 ms (3 MiB/s)
## Booting kernel from Legacy Image at 46000000 ...
   Image Name:   Linux-5.6.4
   Image Type:   ARM Linux Kernel Image (uncompressed)
   Data Size:    4381096 Bytes = 4.2 MiB
   Load Address: 40008000
   Entry Point:  40008000
   Verifying Checksum ... OK
## Flattened Device Tree blob at 49000000
   Booting using the fdt blob at 0x49000000
EHCI failed to shut down host controller.
   Loading Kernel Image
   Loading Device Tree to 49ff6000, end 49fff251 ... OK

Starting kernel ...
