Starting kernel ...

[    0.000000] Booting Linux on physical CPU 0x0
[    0.000000] Linux version 5.6.4 (tjohann@echnaton) (gcc version 9.2.0 (crosstool-NG 1.24.0.103_75d7525)) #1 SMP Thu Apr 16 11:38:12 CEST 2020
[    0.000000] CPU: ARMv7 Processor [410fc075] revision 5 (ARMv7), cr=10c5387d
[    0.000000] CPU: div instructions available: patching division code
[    0.000000] CPU: PIPT / VIPT nonaliasing data cache, VIPT aliasing instruction cache
[    0.000000] OF: fdt: Machine model: Cubietech Cubietruck Plus
[    0.000000] Memory policy: Data cache writealloc
[    0.000000] cma: Reserved 16 MiB at 0xbb000000
[    0.000000] On node 0 totalpages: 507904
[    0.000000]   Normal zone: 1008 pages used for memmap
[    0.000000]   Normal zone: 0 pages reserved
[    0.000000]   Normal zone: 129024 pages, LIFO batch:31
[    0.000000]   HighMem zone: 378880 pages, LIFO batch:63
[    0.000000] percpu: Embedded 15 pages/cpu s30668 r8192 d22580 u61440
[    0.000000] pcpu-alloc: s30668 r8192 d22580 u61440 alloc=15*4096
[    0.000000] pcpu-alloc: [0] 0 [0] 1 [0] 2 [0] 3 [0] 4 [0] 5 [0] 6 [0] 7
[    0.000000] Built 1 zonelists, mobility grouping on.  Total pages: 506896
[    0.000000] Kernel command line: console=ttyS0,115200 console=tty0 loglevel=9 <earlyprintk> mem=1984M vmalloc=512M root=/dev/mmcblk0p2 rootwait panic=10
[    0.000000] Dentry cache hash table entries: 65536 (order: 6, 262144 bytes, linear)
[    0.000000] Inode-cache hash table entries: 32768 (order: 5, 131072 bytes, linear)
[    0.000000] mem auto-init: stack:off, heap alloc:off, heap free:off
[    0.000000] Memory: 1988440K/2031616K available (6144K kernel code, 448K rwdata, 1796K rodata, 1024K init, 247K bss, 26792K reserved, 16384K cma-reserved, 1499136K highmem)
[    0.000000] SLUB: HWalign=64, Order=0-3, MinObjects=0, CPUs=8, Nodes=1
[    0.000000] rcu: Hierarchical RCU implementation.
[    0.000000] rcu: RCU calculated value of scheduler-enlistment delay is 10 jiffies.
[    0.000000] NR_IRQS: 16, nr_irqs: 16, preallocated irqs: 16
[    0.000000] random: get_random_bytes called from start_kernel+0x29c/0x430 with crng_init=0
[    0.000000] arch_timer: cp15 timer(s) running at 24.00MHz (virt).
[    0.000000] clocksource: arch_sys_counter: mask: 0xffffffffffffff max_cycles: 0x588fe9dc0, max_idle_ns: 440795202592 ns
[    0.000008] sched_clock: 56 bits at 24MHz, resolution 41ns, wraps every 4398046511097ns
[    0.000022] Switching to timer-based delay loop, resolution 41ns
[    0.000340] clocksource: timer: mask: 0xffffffff max_cycles: 0xffffffff, max_idle_ns: 79635851949 ns
[    0.000834] Console: colour dummy device 80x30
[    0.001185] printk: console [tty0] enabled
[    0.001258] Calibrating delay loop (skipped), value calculated using timer frequency.. 48.00 BogoMIPS (lpj=240000)
[    0.001289] pid_max: default: 32768 minimum: 301
[    0.001482] Mount-cache hash table entries: 1024 (order: 0, 4096 bytes, linear)
[    0.001517] Mountpoint-cache hash table entries: 1024 (order: 0, 4096 bytes, linear)
[    0.002565] CPU: Testing write buffer coherency: ok
[    0.003188] /cpus/cpu@0 missing clock-frequency property
[    0.003229] /cpus/cpu@1 missing clock-frequency property
[    0.003257] /cpus/cpu@2 missing clock-frequency property
[    0.003285] /cpus/cpu@3 missing clock-frequency property
[    0.003313] /cpus/cpu@100 missing clock-frequency property
[    0.003344] /cpus/cpu@101 missing clock-frequency property
[    0.003375] /cpus/cpu@102 missing clock-frequency property
[    0.003410] /cpus/cpu@103 missing clock-frequency property
[    0.003429] CPU0: thread -1, cpu 0, socket 0, mpidr 80000000
[    0.004117] Setting up static identity map for 0x40100000 - 0x40100060
[    0.004390] ARM CCI driver probed
[    0.005032] sunxi multi cluster SMP support installed
[    0.005430] rcu: Hierarchical SRCU implementation.
[    0.005989] smp: Bringing up secondary CPUs ...
[    0.006973] CPU1: thread -1, cpu 1, socket 0, mpidr 80000001
[    0.007996] CPU2: thread -1, cpu 2, socket 0, mpidr 80000002
[    0.008955] CPU3: thread -1, cpu 3, socket 0, mpidr 80000003
[    0.010168] CPU4: thread -1, cpu 0, socket 1, mpidr 80000100
[    0.011399] CPU5: thread -1, cpu 1, socket 1, mpidr 80000101
[    0.012510] CPU6: thread -1, cpu 2, socket 1, mpidr 80000102
[    0.013616] CPU7: thread -1, cpu 3, socket 1, mpidr 80000103
[    0.013749] smp: Brought up 1 node, 8 CPUs
[    0.013829] SMP: Total of 8 processors activated (384.00 BogoMIPS).
[    0.013844] CPU: All CPU(s) started in SVC mode.
[    0.014986] devtmpfs: initialized
[    0.022269] VFP support v0.3: implementor 41 architecture 2 part 30 variant 7 rev 5
[    0.022716] clocksource: jiffies: mask: 0xffffffff max_cycles: 0xffffffff, max_idle_ns: 19112604462750000 ns
[    0.022764] futex hash table entries: 2048 (order: 5, 131072 bytes, linear)
[    0.024196] pinctrl core: initialized pinctrl subsystem
[    0.024993] thermal_sys: Registered thermal governor 'step_wise'
[    0.026243] NET: Registered protocol family 16
[    0.028246] DMA: preallocated 256 KiB pool for atomic coherent allocations
[    0.029684] hw-breakpoint: found 5 (+1 reserved) breakpoint and 4 watchpoint registers.
[    0.029717] hw-breakpoint: maximum watchpoint size is 8 bytes.
[    0.050828] SCSI subsystem initialized
[    0.051165] libata version 3.00 loaded.
[    0.051416] usbcore: registered new interface driver usbfs
[    0.051483] usbcore: registered new interface driver hub
[    0.051639] usbcore: registered new device driver usb
[    0.051907] pps_core: LinuxPPS API ver. 1 registered
[    0.051928] pps_core: Software ver. 5.3.6 - Copyright 2005-2007 Rodolfo Giometti <giometti@linux.it>
[    0.051962] PTP clock support registered
[    0.052208] Advanced Linux Sound Architecture Driver Initialized.
[    0.053423] clocksource: Switched to clocksource arch_sys_counter
[    0.062063] NET: Registered protocol family 2
[    0.062701] tcp_listen_portaddr_hash hash table entries: 512 (order: 0, 6144 bytes, linear)
[    0.062751] TCP established hash table entries: 4096 (order: 2, 16384 bytes, linear)
[    0.062815] TCP bind hash table entries: 4096 (order: 3, 32768 bytes, linear)
[    0.062895] TCP: Hash tables configured (established 4096 bind 4096)
[    0.063135] UDP hash table entries: 256 (order: 1, 8192 bytes, linear)
[    0.063206] UDP-Lite hash table entries: 256 (order: 1, 8192 bytes, linear)
[    0.063703] NET: Registered protocol family 1
[    0.064315] RPC: Registered named UNIX socket transport module.
[    0.064343] RPC: Registered udp transport module.
[    0.064356] RPC: Registered tcp transport module.
[    0.064370] RPC: Registered tcp NFSv4.1 backchannel transport module.
[    0.066593] workingset: timestamp_bits=30 max_order=19 bucket_order=0
[    0.075000] NFS: Registering the id_resolver key type
[    0.075086] Key type id_resolver registered
[    0.075103] Key type id_legacy registered
[    0.075230] bounce: pool size: 64 pages
[    0.075292] Block layer SCSI generic (bsg) driver version 0.4 loaded (major 248)
[    0.075319] io scheduler mq-deadline registered
[    0.075336] io scheduler kyber registered
[    0.076469] sun4i-usb-phy 1c19400.phy: Couldn't request ID GPIO
[    0.081310] sun8i-a83t-r-pinctrl 1f02c00.pinctrl: initialized sunXi PIO driver
[    0.139652] Serial: 8250/16550 driver, 8 ports, IRQ sharing disabled
[    0.147490] libphy: Fixed MDIO Bus: probed
[    0.147884] CAN device driver interface
[    0.148773] ehci_hcd: USB 2.0 'Enhanced' Host Controller (EHCI) Driver
[    0.148799] ehci-platform: EHCI generic platform driver
[    0.149334] ohci_hcd: USB 1.1 'Open' Host Controller (OHCI) Driver
[    0.149379] ohci-platform: OHCI generic platform driver
[    0.150663] i2c /dev entries driver
[    0.152590] sunxi-wdt 1c20ca0.watchdog: Watchdog enabled (timeout=16 sec, nowayout=0)
[    0.154715] usbcore: registered new interface driver usbhid
[    0.154745] usbhid: USB HID core driver
[    0.158695] NET: Registered protocol family 17
[    0.158751] can: controller area network core (rev 20170425 abi 9)
[    0.158886] NET: Registered protocol family 29
[    0.158906] can: raw protocol (rev 20170425)
[    0.158924] can: broadcast manager protocol (rev 20170425 t)
[    0.158946] can: netlink gateway (rev 20190810) max_hops=1
[    0.159295] Key type dns_resolver registered
[    0.159503] Registering SWP/SWPB emulation handler
[    0.174230] sun8i-a83t-r-pinctrl 1f02c00.pinctrl: 1f02c00.pinctrl supply vcc-pl not found, using dummy regulator
[    0.175195] sunxi-rsb 1f03400.rsb: RSB running at 3000000 Hz
[    0.175879] axp20x-rsb sunxi-rsb-3a3: AXP20x variant AXP813 found
[    0.179177] input: axp20x-pek as /devices/platform/soc/1f03400.rsb/sunxi-rsb-3a3/axp221-pek/input/input0
[    0.180030] dcdc1: supplied by regulator-dummy
[    0.180164] vcc-3v: Bringing 3300000uV into 3000000-3000000uV
[    0.180581] dcdc2: supplied by regulator-dummy
[    0.180916] dcdc3: supplied by regulator-dummy
[    0.181252] dcdc4: supplied by regulator-dummy
[    0.181611] dcdc5: supplied by regulator-dummy
[    0.181710] vcc-dram: Bringing 1480000uV into 1500000-1500000uV
[    0.182010] dcdc6: supplied by regulator-dummy
[    0.182370] dcdc7: supplied by regulator-dummy
[    0.182697] aldo1: supplied by regulator-dummy
[    0.183086] aldo2: supplied by regulator-dummy
[    0.183532] aldo3: supplied by regulator-dummy
[    0.183883] dldo1: supplied by regulator-dummy
[    0.184249] dldo2: supplied by regulator-dummy
[    0.184342] dp-pwr: Bringing 2900000uV into 3300000-3300000uV
[    0.184654] dldo3: supplied by regulator-dummy
[    0.185035] dldo4: supplied by regulator-dummy
[    0.185358] eldo1: supplied by vcc-3v
[    0.185451] dp-bridge-1: Bringing 700000uV into 1200000-1200000uV
[    0.185746] eldo2: supplied by vcc-3v
[    0.185839] dp-bridge-2: Bringing 700000uV into 1200000-1200000uV
[    0.186088] eldo3: supplied by vcc-3v
[    0.186440] fldo1: supplied by regulator-dummy
[    0.186820] fldo2: supplied by regulator-dummy
[    0.187183] rtc-ldo: supplied by regulator-dummy
[    0.187507] ldo-io0: supplied by regulator-dummy
[    0.187846] ldo-io1: supplied by regulator-dummy
[    0.188160] sw: supplied by vcc-3v
[    0.188511] drivevbus: supplied by regulator-dummy
[    0.189696] axp20x-adc axp813-adc: DMA mask not set
[    0.190603] axp20x-battery-power-supply axp20x-battery-power-supply: DMA mask not set
[    0.191490] axp20x-ac-power-supply axp20x-ac-power-supply: DMA mask not set
[    0.193046] axp20x-usb-power-supply axp20x-usb-power-supply: DMA mask not set
[    0.194428] axp20x-rsb sunxi-rsb-3a3: AXP20X driver loaded
[    0.195394] ac100-rtc ac100-rtc: DMA mask not set
[    0.197452] ac100-rtc ac100-rtc: registered as rtc0
[    0.197778] sun4i-usb-phy 1c19400.phy: Couldn't request ID GPIO
[    0.202585] sun8i-a83t-pinctrl 1c20800.pinctrl: initialized sunXi PIO driver
[    0.203023] sun8i-a83t-pinctrl 1c20800.pinctrl: 1c20800.pinctrl supply vcc-pb not found, using dummy regulator
[    0.204614] printk: console [ttyS0] disabled
[    0.204734] 1c28000.serial: ttyS0 at MMIO 0x1c28000 (irq = 47, base_baud = 1500000) is a 16550A
[    1.185118] printk: console [ttyS0] enabled
[    1.190280] sun8i-a83t-pinctrl 1c20800.pinctrl: 1c20800.pinctrl supply vcc-pg not found, using dummy regulator
[    1.201444] 1c28400.serial: ttyS1 at MMIO 0x1c28400 (irq = 48, base_baud = 1500000) is a 16550A
[    1.211205] sun8i-a83t-pinctrl 1c20800.pinctrl: 1c20800.pinctrl supply vcc-pd not found, using dummy regulator
[    1.221475] dwmac-sun8i 1c30000.ethernet: IRQ eth_wake_irq not found
[    1.227852] dwmac-sun8i 1c30000.ethernet: IRQ eth_lpi not found
[    1.233900] dwmac-sun8i 1c30000.ethernet: PTP uses main clock
[    1.240470] dwmac-sun8i 1c30000.ethernet: Current syscon value is not the default 6 (expect 0)
[    1.249149] dwmac-sun8i 1c30000.ethernet: No HW DMA feature register supported
[    1.256394] dwmac-sun8i 1c30000.ethernet: RX Checksum Offload Engine supported
[    1.263630] dwmac-sun8i 1c30000.ethernet: COE Type 2
[    1.268597] dwmac-sun8i 1c30000.ethernet: TX Checksum insertion supported
[    1.275403] dwmac-sun8i 1c30000.ethernet: Normal descriptors
[    1.281064] dwmac-sun8i 1c30000.ethernet: Chain mode enabled
[    1.287338] libphy: stmmac: probed
[    1.301814] sun8i-a83t-pinctrl 1c20800.pinctrl: 1c20800.pinctrl supply vcc-pf not found, using dummy regulator
[    1.312944] sunxi-mmc 1c0f000.mmc: Got CD GPIO
[    1.342850] sunxi-mmc 1c0f000.mmc: initialized, max. request size: 16384 KB
[    1.351378] sunxi-mmc 1c10000.mmc: allocated mmc-pwrseq
[    1.380059] sunxi-mmc 1c10000.mmc: initialized, max. request size: 16384 KB
[    1.387702] sun8i-a83t-pinctrl 1c20800.pinctrl: 1c20800.pinctrl supply vcc-pc not found, using dummy regulator
[    1.407072] mmc0: host does not support reading read-only switch, assuming write-enable
[    1.416327] random: fast init done
[    1.419935] mmc0: new high speed SDHC card at address aaaa
[    1.425821] sunxi-mmc 1c11000.mmc: initialized, max. request size: 16384 KB, uses new timings mode
[    1.435741] sun8i-a83t-pinctrl 1c20800.pinctrl: 1c20800.pinctrl supply vcc-pe not found, using dummy regulator
[    1.446556] sun8i-a83t-pinctrl 1c20800.pinctrl: 1c20800.pinctrl supply vcc-ph not found, using dummy regulator
[    1.458038] ehci-platform 1c1a000.usb: EHCI Host Controller
[    1.463697] ehci-platform 1c1a000.usb: new USB bus registered, assigned bus number 1
[    1.472327] mmcblk0: mmc0:aaaa SL32G 29.7 GiB
[    1.477262] ehci-platform 1c1a000.usb: irq 39, io mem 0x01c1a000
[    1.487526]  mmcblk0: p1 p2 p3
[    1.494071] mmc1: queuing unknown CIS tuple 0x80 (2 bytes)
[    1.501080] mmc1: queuing unknown CIS tuple 0x80 (3 bytes)
[    1.506630] ehci-platform 1c1a000.usb: USB 2.0 started, EHCI 1.00
[    1.513807] hub 1-0:1.0: USB hub found
[    1.517666] hub 1-0:1.0: 1 port detected
[    1.521631] mmc1: queuing unknown CIS tuple 0x80 (3 bytes)
[    1.528279] ehci-platform 1c1b000.usb: EHCI Host Controller
[    1.533948] ehci-platform 1c1b000.usb: new USB bus registered, assigned bus number 2
[    1.542148] ehci-platform 1c1b000.usb: irq 40, io mem 0x01c1b000
[    1.550384] mmc1: queuing unknown CIS tuple 0x80 (7 bytes)
[    1.573394] ehci-platform 1c1b000.usb: USB 2.0 started, EHCI 1.00
[    1.580432] hub 2-0:1.0: USB hub found
[    1.584303] hub 2-0:1.0: 1 port detected
[    1.589367] usb_phy_generic usb_phy_generic.0.auto: usb_phy_generic.0.auto supply vcc not found, using dummy regulator
[    1.601001] musb-hdrc musb-hdrc.1.auto: MUSB HDRC host driver
[    1.606824] musb-hdrc musb-hdrc.1.auto: new USB bus registered, assigned bus number 3
[    1.615633] hub 3-0:1.0: USB hub found
[    1.619473] hub 3-0:1.0: 1 port detected
[    1.624607] ac100-rtc ac100-rtc: setting system clock to 1970-01-01T02:04:30 UTC (7470)
[    1.633021] ALSA device list:
[    1.636066]   No soundcards found.
[    1.651227] EXT4-fs (mmcblk0p2): mounted filesystem without journal. Opts: (null)
[    1.658874] VFS: Mounted root (ext4 filesystem) readonly on device 179:2.
[    1.678545] mmc1: new high speed SDIO card at address 0001
[    1.684675] devtmpfs: mounted
[    1.689566] Freeing unused kernel memory: 1024K
[    1.694494] Run /sbin/init as init process
[    1.698599]   with arguments:
[    1.701566]     /sbin/init
[    1.704305]     <earlyprintk>
[    1.707276]   with environment:
[    1.710416]     HOME=/
[    1.712776]     TERM=linux
[    1.728469] mmc2: new DDR MMC card at address 0001
[    1.734855] mmcblk2: mmc2:0001 NCard  7.30 GiB
[    1.740125] mmcblk2boot0: mmc2:0001 NCard  partition 1 4.00 MiB
[    1.746844] mmcblk2boot1: mmc2:0001 NCard  partition 2 4.00 MiB
[    1.903424] usb 1-1: new high-speed USB device number 2 using ehci-platform
[    1.953440] usb 2-1: new high-speed USB device number 2 using ehci-platform
[    2.004518] hub 2-1:1.0: USB hub found
[    2.008490] hub 2-1:1.0: 2 ports detected
[    2.072071]  mmcblk2: p1 p2 p3 < p5 p6 p7 p8 p9 p10 p11 p12 p13 p14 p15 >
[    2.078945] mmcblk2: p1 size 10483712 extends beyond EOD, truncated
[    2.486002] udevd[148]: starting version 3.2.9
[    2.499974] random: udevd: uninitialized urandom read (16 bytes read)
[    2.507984] random: udevd: uninitialized urandom read (16 bytes read)
[    2.514547] random: udevd: uninitialized urandom read (16 bytes read)
[    2.625856] udevd[149]: starting eudev-3.2.9
[    2.914054] sun8i-ss 1c15000.crypto: will run requests pump with realtime priority
[    2.922079] sun8i-ss 1c15000.crypto: will run requests pump with realtime priority
[    2.930178] sun8i-ss 1c15000.crypto: DEBUG: Register cbc(aes)
[    2.949060] sun8i-ss 1c15000.crypto: DEBUG: Register ecb(aes)
[    2.970583] sun8i-ss 1c15000.crypto: DEBUG: Register cbc(des3_ede)
[    2.997410] sun8i-ss 1c15000.crypto: DEBUG: Register ecb(des3_ede)
[    3.022183] sun8i-ss 1c15000.crypto: Security System Die ID 7
[    3.204850] usb-storage 1-1:1.0: USB Mass Storage device detected
[    3.214982] scsi host0: usb-storage 1-1:1.0
[    3.220564] usbcore: registered new interface driver usb-storage
[    3.884441] EXT4-fs (mmcblk0p2): re-mounted. Opts: (null)
[    4.057045] sunxi-mmc 1c11000.mmc: data error, sending stop command
[    4.063425] sunxi-mmc 1c11000.mmc: send stop command failed
[    4.320553] scsi 0:0:0:0: Direct-Access     USB TO I DE/SATA Device   0016 PQ: 0 ANSI: 4
[    4.331653] sd 0:0:0:0: [sda] 0 512-byte logical blocks: (0 B/0 B)
[    4.337918] sd 0:0:0:0: [sda] 0-byte physical blocks
[    4.343981] sd 0:0:0:0: [sda] Test WP failed, assume Write Enabled
[    4.351215] sd 0:0:0:0: [sda] Asking for cache data failed
[    4.356728] sd 0:0:0:0: [sda] Assuming drive cache: write through
[    4.409244] sd 0:0:0:0: [sda] Attached SCSI disk
[    6.124446] EXT4-fs (mmcblk0p2): re-mounted. Opts: (null)
[    6.181035] EXT4-fs (mmcblk0p3): mounted filesystem without journal. Opts: (null)
[    6.280208] urandom_read: 3 callbacks suppressed
[    6.280221] random: dd: uninitialized urandom read (4096 bytes read)
[    6.334502] random: ln: uninitialized urandom read (6 bytes read)
[    7.573717] udevd[297]: starting version 3.2.9
[    7.585393] random: udevd: uninitialized urandom read (16 bytes read)
[    7.592629] random: udevd: uninitialized urandom read (16 bytes read)
[    7.660600] udevd[297]: starting eudev-3.2.9
[    8.122076] dwmac-sun8i 1c30000.ethernet eth0: PHY [stmmac-0:01] driver [Generic PHY] (irq=POLL)
[    8.132877] dwmac-sun8i 1c30000.ethernet eth0: No Safety Features support found
[    8.140296] dwmac-sun8i 1c30000.ethernet eth0: No MAC Management Counters available
[    8.147987] dwmac-sun8i 1c30000.ethernet eth0: PTP not supported by HW
[    8.148007] dwmac-sun8i 1c30000.ethernet eth0: configuring for phy/rgmii link mode

Void 5.6.4 (cubietruck-plus.my.domain) (ttyS0)

cubietruck-plus login: [   11.328414] random: crng init done
[   12.314230] dwmac-sun8i 1c30000.ethernet eth0: Link is Up - 1Gbps/Full - flow control off


