Starting kernel ...

[    0.000000] Booting Linux on physical CPU 0x0
[    0.000000] Linux version 4.12.7 (tjohann@echnaton) (gcc version 6.4.0 (crosstool-NG crosstool-ng-1.23.0-146-gbcaec4d8) ) #1 SMP PREEMPT Wed Aug 16 13:23:47 CEST 2017
[    0.000000] CPU: ARMv7 Processor [410fc075] revision 5 (ARMv7), cr=30c5387d
[    0.000000] CPU: div instructions available: patching division code
[    0.000000] CPU: PIPT / VIPT nonaliasing data cache, VIPT aliasing instruction cache
[    0.000000] OF: fdt: Machine model: Cubietech Cubietruck Plus
[    0.000000] Memory policy: Data cache writealloc
[    0.000000] On node 0 totalpages: 507904
[    0.000000] free_area_init_node: node 0, pgdat c12c9380, node_mem_map de68a000
[    0.000000]   Normal zone: 1134 pages used for memmap
[    0.000000]   Normal zone: 0 pages reserved
[    0.000000]   Normal zone: 129024 pages, LIFO batch:31
[    0.000000]   HighMem zone: 378880 pages, LIFO batch:31
[    0.000000] ------------[ cut here ]------------
[    0.000000] WARNING: CPU: 0 PID: 0 at arch/arm/kernel/devtree.c:158 arm_dt_init_cpu_maps+0x1f0/0x26c
[    0.000000] DT /cpu 5 nodes greater than max cores 4, capping them
[    0.000000] Modules linked in:
[    0.000000] CPU: 0 PID: 0 Comm: swapper Not tainted 4.12.7 #1
[    0.000000] Hardware name: Allwinner sun8i Family
[    0.000000] [<c0211f2c>] (unwind_backtrace) from [<c020cec4>] (show_stack+0x20/0x24)
[    0.000000] [<c020cec4>] (show_stack) from [<c06e41c8>] (dump_stack+0xa0/0xcc)
[    0.000000] [<c06e41c8>] (dump_stack) from [<c0222960>] (__warn+0xf8/0x110)
[    0.000000] [<c0222960>] (__warn) from [<c02229c0>] (warn_slowpath_fmt+0x48/0x50)
[    0.000000] [<c02229c0>] (warn_slowpath_fmt) from [<c1004f68>] (arm_dt_init_cpu_maps+0x1f0/0x26c)
[    0.000000] [<c1004f68>] (arm_dt_init_cpu_maps) from [<c1003e24>] (setup_arch+0x95c/0xd80)
[    0.000000] [<c1003e24>] (setup_arch) from [<c1000aa4>] (start_kernel+0x6c/0x404)
[    0.000000] [<c1000aa4>] (start_kernel) from [<40008090>] (0x40008090)
[    0.000000] ---[ end trace 0000000000000000 ]---
[    0.000000] percpu: Embedded 17 pages/cpu @de640000 s40872 r8192 d20568 u69632
[    0.000000] pcpu-alloc: s40872 r8192 d20568 u69632 alloc=17*4096
[    0.000000] pcpu-alloc: [0] 0 [0] 1 [0] 2 [0] 3
[    0.000000] Built 1 zonelists in Zone order, mobility grouping on.  Total pages: 506770
[    0.000000] Kernel command line: console=ttyS0,115200 console=tty0 loglevel=9 <earlyprintk> mem=1984M vmalloc=512M root=/dev/mmcblk0p2 rootwait panic=10
[    0.000000] PID hash table entries: 2048 (order: 1, 8192 bytes)
[    0.000000] Dentry cache hash table entries: 65536 (order: 6, 262144 bytes)
[    0.000000] Inode-cache hash table entries: 32768 (order: 5, 131072 bytes)
[    0.000000] Memory: 1987656K/2031616K available (10240K kernel code, 869K rwdata, 3048K rodata, 2048K init, 8089K bss, 43960K reserved, 0K cma-reserved, 1515520K highmem)
[    0.000000] Virtual kernel memory layout:
[    0.000000]     vector  : 0xffff0000 - 0xffff1000   (   4 kB)
[    0.000000]     fixmap  : 0xffc00000 - 0xfff00000   (3072 kB)
[    0.000000]     vmalloc : 0xe0000000 - 0xff800000   ( 504 MB)
[    0.000000]     lowmem  : 0xc0000000 - 0xdf800000   ( 504 MB)
[    0.000000]     pkmap   : 0xbfe00000 - 0xc0000000   (   2 MB)
[    0.000000]     modules : 0xbf000000 - 0xbfe00000   (  14 MB)
[    0.000000]       .text : 0xc0008000 - 0xc0c00000   (12256 kB)
[    0.000000]       .init : 0xc1000000 - 0xc1200000   (2048 kB)
[    0.000000]       .data : 0xc1200000 - 0xc12d9438   ( 870 kB)
[    0.000000]        .bss : 0xc12e18f4 - 0xc1ac7e08   (8090 kB)
[    0.000000] SLUB: HWalign=64, Order=0-3, MinObjects=0, CPUs=4, Nodes=1
[    0.000000] ftrace: allocating 30855 entries in 91 pages
[    0.000000]
[    0.000000] **********************************************************
[    0.000000] **   NOTICE NOTICE NOTICE NOTICE NOTICE NOTICE NOTICE   **
[    0.000000] **                                                      **
[    0.000000] ** trace_printk() being used. Allocating extra memory.  **
[    0.000000] **                                                      **
[    0.000000] ** This means that this is a DEBUG kernel and it is     **
[    0.000000] ** unsafe for production use.                           **
[    0.000000] **                                                      **
[    0.000000] ** If you see this message and you are not debugging    **
[    0.000000] ** the kernel, report this immediately to your vendor!  **
[    0.000000] **                                                      **
[    0.000000] **   NOTICE NOTICE NOTICE NOTICE NOTICE NOTICE NOTICE   **
[    0.000000] **********************************************************
[    0.000000] Running RCU self tests
[    0.000000] Preemptible hierarchical RCU implementation.
[    0.000000]  RCU lockdep checking is enabled.
[    0.000000] NR_IRQS:16 nr_irqs:16 16
[    0.000000] arch_timer: cp15 timer(s) running at 24.00MHz (virt).
[    0.000000] clocksource: arch_sys_counter: mask: 0xffffffffffffff max_cycles: 0x588fe9dc0, max_idle_ns: 440795202592 ns
[    0.000010] sched_clock: 56 bits at 24MHz, resolution 41ns, wraps every 4398046511097ns
[    0.000034] Switching to timer-based delay loop, resolution 41ns
[    0.000294] clocksource: timer: mask: 0xffffffff max_cycles: 0xffffffff, max_idle_ns: 79635851949 ns
[    0.000920] Console: colour dummy device 80x30
[    0.006682] console [tty0] enabled
[    0.006813] Lock dependency validator: Copyright (c) 2006 Red Hat, Inc., Ingo Molnar
[    0.006929] ... MAX_LOCKDEP_SUBCLASSES:  8
[    0.006995] ... MAX_LOCK_DEPTH:          48
[    0.007062] ... MAX_LOCKDEP_KEYS:        8191
[    0.007131] ... CLASSHASH_SIZE:          4096
[    0.007201] ... MAX_LOCKDEP_ENTRIES:     32768
[    0.007270] ... MAX_LOCKDEP_CHAINS:      65536
[    0.007340] ... CHAINHASH_SIZE:          32768
[    0.007410]  memory used by lock dependency info: 5167 kB
[    0.007489]  per task-struct memory footprint: 1536 bytes
[    0.007570] ------------------------
[    0.007631] | Locking API testsuite:
[    0.007692] ----------------------------------------------------------------------------
[    0.007806]                                  | spin |wlock |rlock |mutex | wsem | rsem |
[    0.007921]   --------------------------------------------------------------------------
[    0.008057]                      A-A deadlock:  ok  |  ok  |  ok  |  ok  |  ok  |  ok  |
[    0.017513]                  A-B-B-A deadlock:  ok  |  ok  |  ok  |  ok  |  ok  |  ok  |
[    0.026827]              A-B-B-C-C-A deadlock:  ok  |  ok  |  ok  |  ok  |  ok  |  ok  |
[    0.036394]              A-B-C-A-B-C deadlock:  ok  |  ok  |  ok  |  ok  |  ok  |  ok  |
[    0.045928]          A-B-B-C-C-D-D-A deadlock:  ok  |  ok  |  ok  |  ok  |  ok  |  ok  |
[    0.055806]          A-B-C-D-B-D-D-A deadlock:  ok  |  ok  |  ok  |  ok  |  ok  |  ok  |
[    0.065562]          A-B-C-D-B-C-D-A deadlock:  ok  |  ok  |  ok  |  ok  |  ok  |  ok  |
[    0.075388]                     double unlock:  ok  |  ok  |  ok  |  ok  |  ok  |  ok  |
[    0.084242]                   initialize held:  ok  |  ok  |  ok  |  ok  |  ok  |  ok  |
[    0.093027]                  bad unlock order:  ok  |  ok  |  ok  |  ok  |  ok  |  ok  |
[    0.102233]   --------------------------------------------------------------------------
[    0.102349]               recursive read-lock:             |  ok  |             |  ok  |
[    0.105401]            recursive read-lock #2:             |  ok  |             |  ok  |
[    0.108500]             mixed read-write-lock:             |  ok  |             |  ok  |
[    0.111586]             mixed write-read-lock:             |  ok  |             |  ok  |
[    0.114664]   --------------------------------------------------------------------------
[    0.114779]      hard-irqs-on + irq-safe-A/12:  ok  |  ok  |  ok  |
[    0.119282]      soft-irqs-on + irq-safe-A/12:  ok  |  ok  |  ok  |
[    0.123773]      hard-irqs-on + irq-safe-A/21:  ok  |  ok  |  ok  |
[    0.128246]      soft-irqs-on + irq-safe-A/21:  ok  |  ok  |  ok  |
[    0.132774]        sirq-safe-A => hirqs-on/12:  ok  |  ok  |  ok  |
[    0.137256]        sirq-safe-A => hirqs-on/21:  ok  |  ok  |  ok  |
[    0.141780]          hard-safe-A + irqs-on/12:  ok  |  ok  |  ok  |
[    0.146231]          soft-safe-A + irqs-on/12:  ok  |  ok  |  ok  |
[    0.150764]          hard-safe-A + irqs-on/21:  ok  |  ok  |  ok  |
[    0.155246]          soft-safe-A + irqs-on/21:  ok  |  ok  |  ok  |
[    0.159726]     hard-safe-A + unsafe-B #1/123:  ok  |  ok  |  ok  |
[    0.164403]     soft-safe-A + unsafe-B #1/123:  ok  |  ok  |  ok  |
[    0.169034]     hard-safe-A + unsafe-B #1/132:  ok  |  ok  |  ok  |
[    0.173717]     soft-safe-A + unsafe-B #1/132:  ok  |  ok  |  ok  |
[    0.178362]     hard-safe-A + unsafe-B #1/213:  ok  |  ok  |  ok  |
[    0.183036]     soft-safe-A + unsafe-B #1/213:  ok  |  ok  |  ok  |
[    0.187675]     hard-safe-A + unsafe-B #1/231:  ok  |  ok  |  ok  |
[    0.192258]     soft-safe-A + unsafe-B #1/231:  ok  |  ok  |  ok  |
[    0.196916]     hard-safe-A + unsafe-B #1/312:  ok  |  ok  |  ok  |
[    0.201424]     soft-safe-A + unsafe-B #1/312:  ok  |  ok  |  ok  |
[    0.205995]     hard-safe-A + unsafe-B #1/321:  ok  |  ok  |  ok  |
[    0.210585]     soft-safe-A + unsafe-B #1/321:  ok  |  ok  |  ok  |
[    0.215238]     hard-safe-A + unsafe-B #2/123:  ok  |  ok  |  ok  |
[    0.219813]     soft-safe-A + unsafe-B #2/123:  ok  |  ok  |  ok  |
[    0.224420]     hard-safe-A + unsafe-B #2/132:  ok  |  ok  |  ok  |
[    0.229017]     soft-safe-A + unsafe-B #2/132:  ok  |  ok  |  ok  |
[    0.233628]     hard-safe-A + unsafe-B #2/213:  ok  |  ok  |  ok  |
[    0.238253]     soft-safe-A + unsafe-B #2/213:  ok  |  ok  |  ok  |
[    0.242858]     hard-safe-A + unsafe-B #2/231:  ok  |  ok  |  ok  |
[    0.247457]     soft-safe-A + unsafe-B #2/231:  ok  |  ok  |  ok  |
[    0.252050]     hard-safe-A + unsafe-B #2/312:  ok  |  ok  |  ok  |
[    0.256606]     soft-safe-A + unsafe-B #2/312:  ok  |  ok  |  ok  |
[    0.261267]     hard-safe-A + unsafe-B #2/321:  ok  |  ok  |  ok  |
[    0.265826]     soft-safe-A + unsafe-B #2/321:  ok  |  ok  |  ok  |
[    0.270465]       hard-irq lock-inversion/123:  ok  |  ok  |  ok  |
[    0.275045]       soft-irq lock-inversion/123:  ok  |  ok  |  ok  |
[    0.279702]       hard-irq lock-inversion/132:  ok  |  ok  |  ok  |
[    0.284259]       soft-irq lock-inversion/132:  ok  |  ok  |  ok  |
[    0.288880]       hard-irq lock-inversion/213:  ok  |  ok  |  ok  |
[    0.293517]       soft-irq lock-inversion/213:  ok  |  ok  |  ok  |
[    0.298137]       hard-irq lock-inversion/231:  ok  |  ok  |  ok  |
[    0.302748]       soft-irq lock-inversion/231:  ok  |  ok  |  ok  |
[    0.307354]       hard-irq lock-inversion/312:  ok  |  ok  |  ok  |
[    0.311979]       soft-irq lock-inversion/312:  ok  |  ok  |  ok  |
[    0.316604]       hard-irq lock-inversion/321:  ok  |  ok  |  ok  |
[    0.321170]       soft-irq lock-inversion/321:  ok  |  ok  |  ok  |
[    0.325826]       hard-irq read-recursion/123:  ok  |
[    0.327421]       soft-irq read-recursion/123:  ok  |
[    0.329032]       hard-irq read-recursion/132:  ok  |
[    0.330624]       soft-irq read-recursion/132:  ok  |
[    0.332227]       hard-irq read-recursion/213:  ok  |
[    0.333874]       soft-irq read-recursion/213:  ok  |
[    0.335483]       hard-irq read-recursion/231:  ok  |
[    0.337073]       soft-irq read-recursion/231:  ok  |
[    0.338679]       hard-irq read-recursion/312:  ok  |
[    0.340272]       soft-irq read-recursion/312:  ok  |
[    0.341880]       hard-irq read-recursion/321:  ok  |
[    0.343473]       soft-irq read-recursion/321:  ok  |
[    0.345131]   --------------------------------------------------------------------------
[    0.345245]   | Wound/wait tests |
[    0.345306]   ---------------------
[    0.345366]                   ww api failures:  ok  |  ok  |  ok  |
[    0.350151]                ww contexts mixing:  ok  |  ok  |
[    0.353196]              finishing ww context:  ok  |  ok  |  ok  |  ok  |
[    0.359267]                locking mismatches:  ok  |  ok  |  ok  |
[    0.363826]                  EDEADLK handling:  ok  |  ok  |  ok  |  ok  |  ok  |  ok  |  ok  |  ok  |  ok  |  ok  |
[    0.379524]            spinlock nest unlocked:  ok  |
[    0.381065]   -----------------------------------------------------
[    0.381154]                                  |block | try  |context|
[    0.381242]   -----------------------------------------------------
[    0.381329]                           context:  ok  |  ok  |  ok  |
[    0.386045]                               try:  ok  |  ok  |  ok  |
[    0.390619]                             block:  ok  |  ok  |  ok  |
[    0.395180]                          spinlock:  ok  |  ok  |  ok  |
[    0.399937] -------------------------------------------------------
[    0.400026] Good, all 253 testcases passed! |
[    0.400095] ---------------------------------
[    0.400255] Calibrating delay loop (skipped), value calculated using timer frequency.. 48.00 BogoMIPS (lpj=240000)
[    0.400414] pid_max: default: 32768 minimum: 301
[    0.401208] Mount-cache hash table entries: 1024 (order: 0, 4096 bytes)
[    0.401312] Mountpoint-cache hash table entries: 1024 (order: 0, 4096 bytes)
[    0.405678] CPU: Testing write buffer coherency: ok
[    0.408094] /cpus/cpu@0 missing clock-frequency property
[    0.408236] /cpus/cpu@1 missing clock-frequency property
[    0.408362] /cpus/cpu@2 missing clock-frequency property
[    0.408493] /cpus/cpu@3 missing clock-frequency property
[    0.408603] CPU0: thread -1, cpu 0, socket 0, mpidr 80000000
[    0.440447] Setting up static identity map for 0x40200000 - 0x40200060
[    0.520802] smp: Bringing up secondary CPUs ...
[    0.724029] smp: Brought up 1 node, 1 CPU
[    0.724154] SMP: Total of 1 processors activated (48.00 BogoMIPS).
[    0.724271] CPU: All CPU(s) started in SVC mode.
[    0.728870] devtmpfs: initialized
[    0.742507] VFP support v0.3: implementor 41 architecture 2 part 30 variant 7 rev 5
[    0.752786] clocksource: jiffies: mask: 0xffffffff max_cycles: 0xffffffff, max_idle_ns: 19112604462750000 ns
[    0.753039] futex hash table entries: 1024 (order: 4, 65536 bytes)
[    0.754958] pinctrl core: initialized pinctrl subsystem
[    0.760610] NET: Registered protocol family 16
[    0.761818] DMA: preallocated 256 KiB pool for atomic coherent allocations
[    0.765792] No ATAGs?
[    0.766129] hw-breakpoint: found 5 (+1 reserved) breakpoint and 4 watchpoint registers.
[    0.766347] hw-breakpoint: maximum watchpoint size is 8 bytes.
[    0.846566] SCSI subsystem initialized
[    0.853403] libata version 3.00 loaded.
[    0.854408] usbcore: registered new interface driver usbfs
[    0.854695] usbcore: registered new interface driver hub
[    0.855447] usbcore: registered new device driver usb
[    0.855799] media: Linux media interface: v0.10
[    0.856013] Linux video capture interface: v2.00
[    0.856501] pps_core: LinuxPPS API ver. 1 registered
[    0.856603] pps_core: Software ver. 5.3.6 - Copyright 2005-2007 Rodolfo Giometti <giometti@linux.it>
[    0.856817] PTP clock support registered
[    0.857626] Advanced Linux Sound Architecture Driver Initialized.
[    0.861071] NET: Registered protocol family 23
[    0.864199] clocksource: Switched to clocksource arch_sys_counter
[    1.344292] NET: Registered protocol family 2
[    1.347468] TCP established hash table entries: 4096 (order: 2, 16384 bytes)
[    1.347728] TCP bind hash table entries: 4096 (order: 5, 147456 bytes)
[    1.349323] TCP: Hash tables configured (established 4096 bind 4096)
[    1.350192] UDP hash table entries: 256 (order: 2, 20480 bytes)
[    1.350555] UDP-Lite hash table entries: 256 (order: 2, 20480 bytes)
[    1.351889] NET: Registered protocol family 1
[    1.374969] RPC: Registered named UNIX socket transport module.
[    1.375133] RPC: Registered udp transport module.
[    1.375229] RPC: Registered tcp transport module.
[    1.375323] RPC: Registered tcp NFSv4.1 backchannel transport module.
[    1.380555] audit: initializing netlink subsys (disabled)
[    1.382005] audit: type=2000 audit(1.347:1): state=initialized audit_enabled=0 res=1
[    1.383990] workingset: timestamp_bits=14 max_order=19 bucket_order=5
[    1.441690] NFS: Registering the id_resolver key type
[    1.442270] Key type id_resolver registered
[    1.442391] Key type id_legacy registered
[    1.442649] fuse init (API version 7.26)
[    1.445619] SGI XFS with security attributes, no debug enabled
[    1.498126] bounce: pool size: 64 pages
[    1.498406] Block layer SCSI generic (bsg) driver version 0.4 loaded (major 248)
[    1.498742] io scheduler noop registered
[    1.498833] io scheduler deadline registered
[    1.500163] io scheduler cfq registered (default)
[    1.500270] io scheduler mq-deadline registered
[    1.500362] io scheduler kyber registered
[    1.520103] sun8i-a83t-pinctrl 1c20800.pinctrl: initialized sunXi PIO driver
[    1.521095] ipmi message handler version 39.2
[    1.804108] Serial: 8250/16550 driver, 8 ports, IRQ sharing enabled
[    1.820946] console [ttyS0] disabled
[    1.842317] 1c28000.serial: ttyS0 at MMIO 0x1c28000 (irq = 27, base_baud = 1500000) is a U6_16550A
[    3.382877] console [ttyS0] enabled
[    3.394450] libphy: Fixed MDIO Bus: probed
[    3.398687] CAN device driver interface
[    3.402800] ehci_hcd: USB 2.0 'Enhanced' Host Controller (EHCI) Driver
[    3.409514] ehci-platform: EHCI generic platform driver
[    3.415047] ohci_hcd: USB 1.1 'Open' Host Controller (OHCI) Driver
[    3.421469] ohci-platform: OHCI generic platform driver
[    3.428391] i2c /dev entries driver
[    3.435072] sunxi-wdt 1c20ca0.watchdog: Watchdog enabled (timeout=16 sec, nowayout=0)
[    3.444682] ledtrig-cpu: registered to indicate activity on CPUs
[    3.451497] usbcore: registered new interface driver usbhid
[    3.457260] usbhid: USB HID core driver
[    3.464011] NET: Registered protocol family 17
[    3.468722] can: controller area network core (rev 20170425 abi 9)
[    3.475306] NET: Registered protocol family 29
[    3.479852] can: raw protocol (rev 20170425)
[    3.484385] can: broadcast manager protocol (rev 20170425 t)
[    3.490169] can: netlink gateway (rev 20170425) max_hops=1
[    3.496790] Key type dns_resolver registered
[    3.501470] Registering SWP/SWPB emulation handler
[    3.508615] registered taskstats version 1
[    3.528529] Key type encrypted registered
[    3.534826] hctosys: unable to open rtc device (rtc0)
[    3.554853] OF: Duplicate name in testcase-data, renamed to "duplicate-name#1"
[    3.573672] ### dt-test ### start of unittest - you will see error messages
[    3.582659] OF: /testcase-data/phandle-tests/consumer-a: could not get #phandle-cells-missing for /testcase-data/phandle-tests/provider1
[    3.595372] OF: /testcase-data/phandle-tests/consumer-a: could not get #phandle-cells-missing for /testcase-data/phandle-tests/provider1
[    3.607896] OF: /testcase-data/phandle-tests/consumer-a: could not find phandle
[    3.615397] OF: /testcase-data/phandle-tests/consumer-a: could not find phandle
[    3.622849] OF: /testcase-data/phandle-tests/consumer-a: arguments longer than property
[    3.631058] OF: /testcase-data/phandle-tests/consumer-a: arguments longer than property
[    3.642284] irq: no irq domain found for /testcase-data/interrupts/intc0 !
[    3.655624] ### dt-test ### end of unittest - 129 passed, 0 failed
[    3.661999] ALSA device list:
[    3.665103]   No soundcards found.
[    3.670214] Waiting for root device /dev/mmcblk0p2...
